"+forward"			"Move Forward"
"+back"			"Move Backward"
"+moveleft"		"Strafe Left"				// changed by wesp
"+moveright"		"Strafe Right"				// changed by wesp
"+strafe"			"Strafe Modifier"
"+speed"             	"Walk"
"autospeed"		"Toggle Walk/Run"			// added by wesp
"automove"			"Toggle Auto-Move"			// added by wesp
"+jump"			"Jump"
"+duck"			"Crouch"					// changed by wesp
"+moveup"			"Swim Up"
"+movedown"		"Swim Down"
"+left"			"Turn Left"
"+right"			"Turn Right"
"+lookup"			"Look Up"					// added by wesp
"+lookdown"		"Look Down"				// added by wesp
"+attack"			"Primary Attack"
"+wpn_secondaryatk"	"Secondary Attack"			// changed by wesp
"+reload"			"Reload Weapon"
"holster"			"Holster Weapon"
"lastinv"			"Last Weapon"				// changed by wesp
"dropitem"			"Drop Weapon"				// changed by wesp
"slot2"			"Melee Weapons"
"slot3" 			"Ranged Weapons"
"slot4"			"Thrown Weapons"			// added by wesp
"slot5"			"Armor Clothing"			// changed by wesp
"slot6"			"General Inventory"
"slot1"			"Available Disciplines"		// added by wesp
"vm_discipline"		"Use Discipline Power"		// changed by wesp
"vdiscipline_endall"	"End All Disciplines"			// changed by wesp
"toggleuiside"		"Toggle Discipline/Weapon"		// added by wesp
"invprev"			"Previous Discipline/Weapon"	// changed by wesp
"invnext"			"Next Discipline/Weapon"		// changed by wesp
"+use"			"Use"
"+feed"			"Feed"					// changed by wesp
"+questlog"		"Quest Log"
"+chareditor"		"Character Editor"
"dlghist"			"Dialog History"
"dlgscrlup"		"Dialog History Up"			// changed by wesp
"dlgscrldn"		"Dialog History Down"			// changed by wesp
"save quick"		"Quick Save"
"load quick"		"Quick Load"
"pause"			"Pause"					// added by wesp
"toggleconsole"		"Console"					// added by wesp
"snapshot"			"Screenshot"				// changed by wesp
"+mlook"			"Mouse Look"
"togglecamera"		"Toggle View"				// changed by wesp
"+camin"			"Camera: Zoom In"			// added by wesp
"+camout"			"Camera: Zoom Out"			// added by wesp
"cam_rotateleft" 	"Camera: Rotate Left"			// added by wesp
"cam_rotateright" 	"Camera: Rotate Right"		// added by wesp
"cam_restore" 		"Camera: Restore"			// added by wesp
"showhotkeys"		"Hotkey Menu"				// added by wesp
"vhotkey #1"		"Hotkey 1"					// added by wesp
"vhotkey #2"		"Hotkey 2"					// added by wesp
"vhotkey #3"		"Hotkey 3"					// added by wesp
"vhotkey #4"		"Hotkey 4"					// added by wesp
"vhotkey #5"		"Hotkey 5"					// added by wesp
"vhotkey #6"		"Hotkey 6"					// added by wesp
"vhotkey #7"		"Hotkey 7"					// added by wesp
"vhotkey #8"		"Hotkey 8"					// added by wesp
"vhotkey #9"		"Hotkey 9"					// added by wesp
"vhotkey #10"		"Hotkey 10"				// added by wesp
" "				" "						// added by wesp